PHPUnit 11.5.55 by Sebastian Bergmann and contributors.

Runtime:       PHP 8.2.12
Configuration: C:\xampp\htdocs\SIGO\phpunit.xml

E                                                                   1 / 1 (100%)        

Time: 00:00.699, Memory: 58.00 MB

There was 1 error:

1) Tests\Feature\Auth\PasswordResetTest::test_reset_password_link_screen_can_be_rendered
Illuminate\Database\QueryException: SQLSTATE[HY000]: General error: 1 table "presupuesto_categorias" already exists (Connection: sqlite, Database: :memory:, SQL: create table "presupuesto_categorias" ("id_presupuesto" integer primary key autoincrement not null, "ano_fiscal" integer not null, "nombre_categoria" varchar not null, "presupuesto_inicial" numeric not null, "reservado" numeric not null default '0', "aprobado" numeric not null default '0', "disponible" numeric not null default '0', "porcentaje_utilizacion" numeric not null default '0', "fecha_creacion" datetime not null default CURRENT_TIMESTAMP, "estado" varchar check ("estado" in ('ABIERTO', 'CERRADO')) not null default 'ABIERTO', "creada_por" integer))

C:\xampp\htdocs\SIGO\vendor\laravel\framework\src\Illuminate\Database\Connection.php:838
C:\xampp\htdocs\SIGO\vendor\laravel\framework\src\Illuminate\Database\Connection.php:794
C:\xampp\htdocs\SIGO\vendor\laravel\framework\src\Illuminate\Database\Connection.php:573
C:\xampp\htdocs\SIGO\vendor\laravel\framework\src\Illuminate\Database\Schema\Blueprint.php:121
C:\xampp\htdocs\SIGO\vendor\laravel\framework\src\Illuminate\Database\Schema\Builder.php:686
C:\xampp\htdocs\SIGO\vendor\laravel\framework\src\Illuminate\Database\Schema\Builder.php:506
C:\xampp\htdocs\SIGO\vendor\laravel\framework\src\Illuminate\Support\Facades\Facade.php:363
C:\xampp\htdocs\SIGO\database\migrations\2026_03_31_create_presupuesto_tables.php:13
C:\xampp\htdocs\SIGO\vendor\laravel\framework\src\Illuminate\Database\Migrations\Migrator.php:517
C:\xampp\htdocs\SIGO\vendor\laravel\framework\src\Illuminate\Database\Migrations\Migrator.php:442
C:\xampp\htdocs\SIGO\vendor\laravel\framework\src\Illuminate\Database\Migrations\Migrator.php:451
C:\xampp\htdocs\SIGO\vendor\laravel\framework\src\Illuminate\Database\Migrations\Migrator.php:253
C:\xampp\htdocs\SIGO\vendor\laravel\framework\src\Illuminate\Console\View\Components\Task.php:41
C:\xampp\htdocs\SIGO\vendor\laravel\framework\src\Illuminate\Database\Migrations\Migrator.php:814
C:\xampp\htdocs\SIGO\vendor\laravel\framework\src\Illuminate\Database\Migrations\Migrator.php:253
C:\xampp\htdocs\SIGO\vendor\laravel\framework\src\Illuminate\Database\Migrations\Migrator.php:211
C:\xampp\htdocs\SIGO\vendor\laravel\framework\src\Illuminate\Database\Migrations\Migrator.php:138
C:\xampp\htdocs\SIGO\vendor\laravel\framework\src\Illuminate\Database\Console\Migrations\MigrateCommand.php:116
C:\xampp\htdocs\SIGO\vendor\laravel\framework\src\Illuminate\Database\Migrations\Migrator.php:671
C:\xampp\htdocs\SIGO\vendor\laravel\framework\src\Illuminate\Database\Console\Migrations\MigrateCommand.php:109
C:\xampp\htdocs\SIGO\vendor\laravel\framework\src\Illuminate\Database\Console\Migrations\MigrateCommand.php:88
C:\xampp\htdocs\SIGO\vendor\laravel\framework\src\Illuminate\Container\BoundMethod.php:36
C:\xampp\htdocs\SIGO\vendor\laravel\framework\src\Illuminate\Container\Util.php:43
C:\xampp\htdocs\SIGO\vendor\laravel\framework\src\Illuminate\Container\BoundMethod.php:96
C:\xampp\htdocs\SIGO\vendor\laravel\framework\src\Illuminate\Container\BoundMethod.php:35
C:\xampp\htdocs\SIGO\vendor\laravel\framework\src\Illuminate\Container\Container.php:799
C:\xampp\htdocs\SIGO\vendor\laravel\framework\src\Illuminate\Console\Command.php:211
C:\xampp\htdocs\SIGO\vendor\symfony\console\Command\Command.php:341
C:\xampp\htdocs\SIGO\vendor\laravel\framework\src\Illuminate\Console\Command.php:180
C:\xampp\htdocs\SIGO\vendor\laravel\framework\src\Illuminate\Console\Concerns\CallsCommands.php:68
C:\xampp\htdocs\SIGO\vendor\laravel\framework\src\Illuminate\Console\Concerns\CallsCommands.php:29
C:\xampp\htdocs\SIGO\vendor\laravel\framework\src\Illuminate\Database\Console\Migrations\FreshCommand.php:81
C:\xampp\htdocs\SIGO\vendor\laravel\framework\src\Illuminate\Container\BoundMethod.php:36
C:\xampp\htdocs\SIGO\vendor\laravel\framework\src\Illuminate\Container\Util.php:43
C:\xampp\htdocs\SIGO\vendor\laravel\framework\src\Illuminate\Container\BoundMethod.php:96
C:\xampp\htdocs\SIGO\vendor\laravel\framework\src\Illuminate\Container\BoundMethod.php:35
C:\xampp\htdocs\SIGO\vendor\laravel\framework\src\Illuminate\Container\Container.php:799
C:\xampp\htdocs\SIGO\vendor\laravel\framework\src\Illuminate\Console\Command.php:211
C:\xampp\htdocs\SIGO\vendor\symfony\console\Command\Command.php:341
C:\xampp\htdocs\SIGO\vendor\laravel\framework\src\Illuminate\Console\Command.php:180
C:\xampp\htdocs\SIGO\vendor\symfony\console\Application.php:1094
C:\xampp\htdocs\SIGO\vendor\symfony\console\Application.php:356
C:\xampp\htdocs\SIGO\vendor\symfony\console\Application.php:195
C:\xampp\htdocs\SIGO\vendor\laravel\framework\src\Illuminate\Console\Application.php:165
C:\xampp\htdocs\SIGO\vendor\laravel\framework\src\Illuminate\Foundation\Console\Kernel.php:447
C:\xampp\htdocs\SIGO\vendor\laravel\framework\src\Illuminate\Testing\PendingCommand.php:451
C:\xampp\htdocs\SIGO\vendor\laravel\framework\src\Illuminate\Testing\PendingCommand.php:675
C:\xampp\htdocs\SIGO\vendor\laravel\framework\src\Illuminate\Foundation\Testing\Concerns\InteractsWithConsole.php:87
C:\xampp\htdocs\SIGO\vendor\laravel\framework\src\Illuminate\Foundation\Testing\RefreshDatabase.php:119
C:\xampp\htdocs\SIGO\vendor\laravel\framework\src\Illuminate\Foundation\Testing\RefreshDatabase.php:84
C:\xampp\htdocs\SIGO\vendor\laravel\framework\src\Illuminate\Foundation\Testing\RefreshDatabase.php:25
C:\xampp\htdocs\SIGO\vendor\laravel\framework\src\Illuminate\Foundation\Testing\Concerns\InteractsWithTestCaseLifecycle.php:217
C:\xampp\htdocs\SIGO\vendor\laravel\framework\src\Illuminate\Foundation\Testing\Concerns\InteractsWithTestCaseLifecycle.php:101
C:\xampp\htdocs\SIGO\vendor\laravel\framework\src\Illuminate\Foundation\Testing\TestCase.php:63

Caused by
PDOException: SQLSTATE[HY000]: General error: 1 table "presupuesto_categorias" already exists

C:\xampp\htdocs\SIGO\vendor\laravel\framework\src\Illuminate\Database\Connection.php:578
C:\xampp\htdocs\SIGO\vendor\laravel\framework\src\Illuminate\Database\Connection.php:827
C:\xampp\htdocs\SIGO\vendor\laravel\framework\src\Illuminate\Database\Connection.php:794
C:\xampp\htdocs\SIGO\vendor\laravel\framework\src\Illuminate\Database\Connection.php:573
C:\xampp\htdocs\SIGO\vendor\laravel\framework\src\Illuminate\Database\Schema\Blueprint.php:121
C:\xampp\htdocs\SIGO\vendor\laravel\framework\src\Illuminate\Database\Schema\Builder.php:686
C:\xampp\htdocs\SIGO\vendor\laravel\framework\src\Illuminate\Database\Schema\Builder.php:506
C:\xampp\htdocs\SIGO\vendor\laravel\framework\src\Illuminate\Support\Facades\Facade.php:363
C:\xampp\htdocs\SIGO\database\migrations\2026_03_31_create_presupuesto_tables.php:13
C:\xampp\htdocs\SIGO\vendor\laravel\framework\src\Illuminate\Database\Migrations\Migrator.php:517
C:\xampp\htdocs\SIGO\vendor\laravel\framework\src\Illuminate\Database\Migrations\Migrator.php:442
C:\xampp\htdocs\SIGO\vendor\laravel\framework\src\Illuminate\Database\Migrations\Migrator.php:451
C:\xampp\htdocs\SIGO\vendor\laravel\framework\src\Illuminate\Database\Migrations\Migrator.php:253
C:\xampp\htdocs\SIGO\vendor\laravel\framework\src\Illuminate\Console\View\Components\Task.php:41
C:\xampp\htdocs\SIGO\vendor\laravel\framework\src\Illuminate\Database\Migrations\Migrator.php:814
C:\xampp\htdocs\SIGO\vendor\laravel\framework\src\Illuminate\Database\Migrations\Migrator.php:253
C:\xampp\htdocs\SIGO\vendor\laravel\framework\src\Illuminate\Database\Migrations\Migrator.php:211
C:\xampp\htdocs\SIGO\vendor\laravel\framework\src\Illuminate\Database\Migrations\Migrator.php:138
C:\xampp\htdocs\SIGO\vendor\laravel\framework\src\Illuminate\Database\Console\Migrations\MigrateCommand.php:116
C:\xampp\htdocs\SIGO\vendor\laravel\framework\src\Illuminate\Database\Migrations\Migrator.php:671
C:\xampp\htdocs\SIGO\vendor\laravel\framework\src\Illuminate\Database\Console\Migrations\MigrateCommand.php:109
C:\xampp\htdocs\SIGO\vendor\laravel\framework\src\Illuminate\Database\Console\Migrations\MigrateCommand.php:88
C:\xampp\htdocs\SIGO\vendor\laravel\framework\src\Illuminate\Container\BoundMethod.php:36
C:\xampp\htdocs\SIGO\vendor\laravel\framework\src\Illuminate\Container\Util.php:43
C:\xampp\htdocs\SIGO\vendor\laravel\framework\src\Illuminate\Container\BoundMethod.php:96
C:\xampp\htdocs\SIGO\vendor\laravel\framework\src\Illuminate\Container\BoundMethod.php:35
C:\xampp\htdocs\SIGO\vendor\laravel\framework\src\Illuminate\Container\Container.php:799
C:\xampp\htdocs\SIGO\vendor\laravel\framework\src\Illuminate\Console\Command.php:211
C:\xampp\htdocs\SIGO\vendor\symfony\console\Command\Command.php:341
C:\xampp\htdocs\SIGO\vendor\laravel\framework\src\Illuminate\Console\Command.php:180
C:\xampp\htdocs\SIGO\vendor\laravel\framework\src\Illuminate\Console\Concerns\CallsCommands.php:68
C:\xampp\htdocs\SIGO\vendor\laravel\framework\src\Illuminate\Console\Concerns\CallsCommands.php:29
C:\xampp\htdocs\SIGO\vendor\laravel\framework\src\Illuminate\Database\Console\Migrations\FreshCommand.php:81
C:\xampp\htdocs\SIGO\vendor\laravel\framework\src\Illuminate\Container\BoundMethod.php:36
C:\xampp\htdocs\SIGO\vendor\laravel\framework\src\Illuminate\Container\Util.php:43
C:\xampp\htdocs\SIGO\vendor\laravel\framework\src\Illuminate\Container\BoundMethod.php:96
C:\xampp\htdocs\SIGO\vendor\laravel\framework\src\Illuminate\Container\BoundMethod.php:35
C:\xampp\htdocs\SIGO\vendor\laravel\framework\src\Illuminate\Container\Container.php:799
C:\xampp\htdocs\SIGO\vendor\laravel\framework\src\Illuminate\Console\Command.php:211
C:\xampp\htdocs\SIGO\vendor\symfony\console\Command\Command.php:341
C:\xampp\htdocs\SIGO\vendor\laravel\framework\src\Illuminate\Console\Command.php:180
C:\xampp\htdocs\SIGO\vendor\symfony\console\Application.php:1094
C:\xampp\htdocs\SIGO\vendor\symfony\console\Application.php:356
C:\xampp\htdocs\SIGO\vendor\symfony\console\Application.php:195
C:\xampp\htdocs\SIGO\vendor\laravel\framework\src\Illuminate\Console\Application.php:165
C:\xampp\htdocs\SIGO\vendor\laravel\framework\src\Illuminate\Foundation\Console\Kernel.php:447
C:\xampp\htdocs\SIGO\vendor\laravel\framework\src\Illuminate\Testing\PendingCommand.php:451
C:\xampp\htdocs\SIGO\vendor\laravel\framework\src\Illuminate\Testing\PendingCommand.php:675
C:\xampp\htdocs\SIGO\vendor\laravel\framework\src\Illuminate\Foundation\Testing\Concerns\InteractsWithConsole.php:87
C:\xampp\htdocs\SIGO\vendor\laravel\framework\src\Illuminate\Foundation\Testing\RefreshDatabase.php:119
C:\xampp\htdocs\SIGO\vendor\laravel\framework\src\Illuminate\Foundation\Testing\RefreshDatabase.php:84
C:\xampp\htdocs\SIGO\vendor\laravel\framework\src\Illuminate\Foundation\Testing\RefreshDatabase.php:25
C:\xampp\htdocs\SIGO\vendor\laravel\framework\src\Illuminate\Foundation\Testing\Concerns\InteractsWithTestCaseLifecycle.php:217
C:\xampp\htdocs\SIGO\vendor\laravel\framework\src\Illuminate\Foundation\Testing\Concerns\InteractsWithTestCaseLifecycle.php:101
C:\xampp\htdocs\SIGO\vendor\laravel\framework\src\Illuminate\Foundation\Testing\TestCase.php:63

ERRORS!
Tests: 1, Assertions: 0, Errors: 1.
